Archive member included because of file (symbol)

/usr/lib/gcc/avr/4.8.2/avr4/libgcc.a(_exit.o)
                              /usr/lib/gcc/avr/4.8.2/../../../avr/lib/avr4/crtm8.o (exit)
/usr/lib/gcc/avr/4.8.2/avr4/libgcc.a(_copy_data.o)
                              .objs/src/funcs.o (__do_copy_data)
/usr/lib/gcc/avr/4.8.2/avr4/libgcc.a(_clear_bss.o)
                              .objs/src/cpu_io.o (__do_clear_bss)

Allocating common symbols
Common symbol       size              file

g_ioBuffer          0x20              .objs/src/cpu_io.o
usbTxBuf            0xb               .objs/usbdrv/usbdrv.o
g_ramParams         0x80              .objs/src/funcs.o
g_eepromParams      0x80              .objs/src/funcs.o
usbDeviceAddr       0x1               .objs/usbdrv/usbdrv.o
usbRxToken          0x1               .objs/usbdrv/usbdrv.o
usbInputBufOffset   0x1               .objs/usbdrv/usbdrv.o
usbMsgPtr           0x2               .objs/usbdrv/usbdrv.o
usbRxLen            0x1               .objs/usbdrv/usbdrv.o
usbNewDeviceAddr    0x1               .objs/usbdrv/usbdrv.o
usbCurrentTok       0x1               .objs/usbdrv/usbdrv.o
usbConfiguration    0x1               .objs/usbdrv/usbdrv.o
usbRxBuf            0x16              .objs/usbdrv/usbdrv.o

Memory Configuration

Name             Origin             Length             Attributes
text             0x00000000         0x00002000         xr
data             0x00800060         0x0000ffa0         rw !x
eeprom           0x00810000         0x00010000         rw !x
fuse             0x00820000         0x00000400         rw !x
lock             0x00830000         0x00000400         rw !x
signature        0x00840000         0x00000400         rw !x
user_signatures  0x00850000         0x00000400         rw !x
*default*        0x00000000         0xffffffff

Linker script and memory map

LOAD /usr/lib/gcc/avr/4.8.2/../../../avr/lib/avr4/crtm8.o
LOAD .objs/src/cpu_io.o
LOAD .objs/src/dbg.o
LOAD .objs/src/funcs.o
LOAD .objs/src/main.o
LOAD .objs/usbdrv/usbdrv.o
LOAD .objs/usbdrv/usbdrvasm.o
LOAD /usr/lib/gcc/avr/4.8.2/avr4/libgcc.a
LOAD /usr/lib/gcc/avr/4.8.2/../../../avr/lib/avr4/libm.a
START GROUP
LOAD /usr/lib/gcc/avr/4.8.2/avr4/libgcc.a
LOAD /usr/lib/gcc/avr/4.8.2/../../../avr/lib/avr4/libm.a
LOAD /usr/lib/gcc/avr/4.8.2/../../../avr/lib/avr4/libc.a
END GROUP

.hash
 *(.hash)

.dynsym
 *(.dynsym)

.dynstr
 *(.dynstr)

.gnu.version
 *(.gnu.version)

.gnu.version_d
 *(.gnu.version_d)

.gnu.version_r
 *(.gnu.version_r)

.rel.init
 *(.rel.init)

.rela.init
 *(.rela.init)

.rel.text
 *(.rel.text)
 *(.rel.text.*)
 *(.rel.gnu.linkonce.t*)

.rela.text
 *(.rela.text)
 *(.rela.text.*)
 *(.rela.gnu.linkonce.t*)

.rel.fini
 *(.rel.fini)

.rela.fini
 *(.rela.fini)

.rel.rodata
 *(.rel.rodata)
 *(.rel.rodata.*)
 *(.rel.gnu.linkonce.r*)

.rela.rodata
 *(.rela.rodata)
 *(.rela.rodata.*)
 *(.rela.gnu.linkonce.r*)

.rel.data
 *(.rel.data)
 *(.rel.data.*)
 *(.rel.gnu.linkonce.d*)

.rela.data
 *(.rela.data)
 *(.rela.data.*)
 *(.rela.gnu.linkonce.d*)

.rel.ctors
 *(.rel.ctors)

.rela.ctors
 *(.rela.ctors)

.rel.dtors
 *(.rel.dtors)

.rela.dtors
 *(.rela.dtors)

.rel.got
 *(.rel.got)

.rela.got
 *(.rela.got)

.rel.bss
 *(.rel.bss)

.rela.bss
 *(.rela.bss)

.rel.plt
 *(.rel.plt)

.rela.plt
 *(.rela.plt)

.text           0x00000000      0x8c4
 *(.vectors)
 .vectors       0x00000000       0x26 /usr/lib/gcc/avr/4.8.2/../../../avr/lib/avr4/crtm8.o
                0x00000000                __vectors
                0x00000000                __vector_default
 *(.vectors)
 *(.progmem.gcc*)
 *(.progmem*)
 .progmem.data  0x00000026       0x48 .objs/usbdrv/usbdrv.o
                0x00000026                usbDescriptorConfiguration
                0x00000038                usbDescriptorDevice
                0x0000004a                usbDescriptorStringDevice
                0x00000062                usbDescriptorStringVendor
                0x0000006a                usbDescriptorString0
                0x0000006e                . = ALIGN (0x2)
                0x0000006e                __trampolines_start = .
 *(.trampolines)
 .trampolines   0x0000006e        0x0 linker stubs
 *(.trampolines*)
                0x0000006e                __trampolines_end = .
 *(.jumptables)
 *(.jumptables*)
 *(.lowtext)
 *(.lowtext*)
                0x0000006e                __ctors_start = .
 *(.ctors)
                0x0000006e                __ctors_end = .
                0x0000006e                __dtors_start = .
 *(.dtors)
                0x0000006e                __dtors_end = .
 SORT(*)(.ctors)
 SORT(*)(.dtors)
 *(.init0)
 .init0         0x0000006e        0x0 /usr/lib/gcc/avr/4.8.2/../../../avr/lib/avr4/crtm8.o
                0x0000006e                __init
 *(.init0)
 *(.init1)
 *(.init1)
 *(.init2)
 .init2         0x0000006e        0xc /usr/lib/gcc/avr/4.8.2/../../../avr/lib/avr4/crtm8.o
 *(.init2)
 *(.init3)
 *(.init3)
 *(.init4)
 .init4         0x0000007a       0x16 /usr/lib/gcc/avr/4.8.2/avr4/libgcc.a(_copy_data.o)
                0x0000007a                __do_copy_data
 .init4         0x00000090       0x10 /usr/lib/gcc/avr/4.8.2/avr4/libgcc.a(_clear_bss.o)
                0x00000090                __do_clear_bss
 *(.init4)
 *(.init5)
 *(.init5)
 *(.init6)
 *(.init6)
 *(.init7)
 *(.init7)
 *(.init8)
 *(.init8)
 *(.init9)
 .init9         0x000000a0        0x4 /usr/lib/gcc/avr/4.8.2/../../../avr/lib/avr4/crtm8.o
 *(.init9)
 *(.text)
 .text          0x000000a4        0x2 /usr/lib/gcc/avr/4.8.2/../../../avr/lib/avr4/crtm8.o
                0x000000a4                __vector_12
                0x000000a4                __bad_interrupt
                0x000000a4                __vector_3
                0x000000a4                __vector_11
                0x000000a4                __vector_13
                0x000000a4                __vector_17
                0x000000a4                __vector_7
                0x000000a4                __vector_5
                0x000000a4                __vector_4
                0x000000a4                __vector_9
                0x000000a4                __vector_2
                0x000000a4                __vector_15
                0x000000a4                __vector_8
                0x000000a4                __vector_14
                0x000000a4                __vector_10
                0x000000a4                __vector_16
                0x000000a4                __vector_18
 .text          0x000000a6      0x156 .objs/src/cpu_io.o
                0x000000a6                cpuIoInit
                0x000000b0                cpuIoPoll
                0x000000ee                cpuIoReset
                0x00000104                cpuIoPush
                0x000001be                cpuIoPop
 .text          0x000001fc       0x82 .objs/src/dbg.o
                0x000001fc                initLeds
                0x0000020e                setDbgLed
                0x0000022a                setLed
                0x00000246                setPower
                0x00000262                toggleDbgLed
 .text          0x0000027e       0xb4 .objs/src/funcs.o
                0x0000027e                invoke
 .text          0x00000332       0x7c .objs/src/main.o
                0x00000332                __vector_6
                0x00000378                usbFunctionSetup
                0x0000039c                usbFunctionRead
                0x000003a8                usbFunctionWrite
 .text          0x000003ae      0x260 .objs/usbdrv/usbdrv.o
                0x000003ae                usbPoll
                0x00000600                usbInit
 .text          0x0000060e      0x28c .objs/usbdrv/usbdrvasm.o
                0x0000060e                usbCrc16
                0x00000638                usbCrc16Append
                0x00000640                __vector_1
 .text          0x0000089a        0x0 /usr/lib/gcc/avr/4.8.2/avr4/libgcc.a(_exit.o)
 .text          0x0000089a        0x0 /usr/lib/gcc/avr/4.8.2/avr4/libgcc.a(_copy_data.o)
 .text          0x0000089a        0x0 /usr/lib/gcc/avr/4.8.2/avr4/libgcc.a(_clear_bss.o)
                0x0000089a                . = ALIGN (0x2)
 *(.text.*)
 .text.startup  0x0000089a       0x26 .objs/src/main.o
                0x0000089a                main
 .text.libgcc.mul
                0x000008c0        0x0 /usr/lib/gcc/avr/4.8.2/avr4/libgcc.a(_exit.o)
 .text.libgcc.div
                0x000008c0        0x0 /usr/lib/gcc/avr/4.8.2/avr4/libgcc.a(_exit.o)
 .text.libgcc   0x000008c0        0x0 /usr/lib/gcc/avr/4.8.2/avr4/libgcc.a(_exit.o)
 .text.libgcc.prologue
                0x000008c0        0x0 /usr/lib/gcc/avr/4.8.2/avr4/libgcc.a(_exit.o)
 .text.libgcc.builtins
                0x000008c0        0x0 /usr/lib/gcc/avr/4.8.2/avr4/libgcc.a(_exit.o)
 .text.libgcc.fmul
                0x000008c0        0x0 /usr/lib/gcc/avr/4.8.2/avr4/libgcc.a(_exit.o)
 .text.libgcc.fixed
                0x000008c0        0x0 /usr/lib/gcc/avr/4.8.2/avr4/libgcc.a(_exit.o)
 .text.libgcc.mul
                0x000008c0        0x0 /usr/lib/gcc/avr/4.8.2/avr4/libgcc.a(_copy_data.o)
 .text.libgcc.div
                0x000008c0        0x0 /usr/lib/gcc/avr/4.8.2/avr4/libgcc.a(_copy_data.o)
 .text.libgcc   0x000008c0        0x0 /usr/lib/gcc/avr/4.8.2/avr4/libgcc.a(_copy_data.o)
 .text.libgcc.prologue
                0x000008c0        0x0 /usr/lib/gcc/avr/4.8.2/avr4/libgcc.a(_copy_data.o)
 .text.libgcc.builtins
                0x000008c0        0x0 /usr/lib/gcc/avr/4.8.2/avr4/libgcc.a(_copy_data.o)
 .text.libgcc.fmul
                0x000008c0        0x0 /usr/lib/gcc/avr/4.8.2/avr4/libgcc.a(_copy_data.o)
 .text.libgcc.fixed
                0x000008c0        0x0 /usr/lib/gcc/avr/4.8.2/avr4/libgcc.a(_copy_data.o)
 .text.libgcc.mul
                0x000008c0        0x0 /usr/lib/gcc/avr/4.8.2/avr4/libgcc.a(_clear_bss.o)
 .text.libgcc.div
                0x000008c0        0x0 /usr/lib/gcc/avr/4.8.2/avr4/libgcc.a(_clear_bss.o)
 .text.libgcc   0x000008c0        0x0 /usr/lib/gcc/avr/4.8.2/avr4/libgcc.a(_clear_bss.o)
 .text.libgcc.prologue
                0x000008c0        0x0 /usr/lib/gcc/avr/4.8.2/avr4/libgcc.a(_clear_bss.o)
 .text.libgcc.builtins
                0x000008c0        0x0 /usr/lib/gcc/avr/4.8.2/avr4/libgcc.a(_clear_bss.o)
 .text.libgcc.fmul
                0x000008c0        0x0 /usr/lib/gcc/avr/4.8.2/avr4/libgcc.a(_clear_bss.o)
 .text.libgcc.fixed
                0x000008c0        0x0 /usr/lib/gcc/avr/4.8.2/avr4/libgcc.a(_clear_bss.o)
                0x000008c0                . = ALIGN (0x2)
 *(.fini9)
 .fini9         0x000008c0        0x0 /usr/lib/gcc/avr/4.8.2/avr4/libgcc.a(_exit.o)
                0x000008c0                exit
                0x000008c0                _exit
 *(.fini9)
 *(.fini8)
 *(.fini8)
 *(.fini7)
 *(.fini7)
 *(.fini6)
 *(.fini6)
 *(.fini5)
 *(.fini5)
 *(.fini4)
 *(.fini4)
 *(.fini3)
 *(.fini3)
 *(.fini2)
 *(.fini2)
 *(.fini1)
 *(.fini1)
 *(.fini0)
 .fini0         0x000008c0        0x4 /usr/lib/gcc/avr/4.8.2/avr4/libgcc.a(_exit.o)
 *(.fini0)
                0x000008c4                _etext = .

.data           0x00800060        0x8 load address 0x000008c4
                0x00800060                PROVIDE (__data_start, .)
 *(.data)
 .data          0x00800060        0x0 /usr/lib/gcc/avr/4.8.2/../../../avr/lib/avr4/crtm8.o
 .data          0x00800060        0x0 .objs/src/cpu_io.o
 .data          0x00800060        0x0 .objs/src/dbg.o
 .data          0x00800060        0x0 .objs/src/funcs.o
 .data          0x00800060        0x0 .objs/src/main.o
 .data          0x00800060        0x2 .objs/usbdrv/usbdrv.o
                0x00800061                usbTxLen
 .data          0x00800062        0x0 .objs/usbdrv/usbdrvasm.o
 .data          0x00800062        0x0 /usr/lib/gcc/avr/4.8.2/avr4/libgcc.a(_exit.o)
 .data          0x00800062        0x0 /usr/lib/gcc/avr/4.8.2/avr4/libgcc.a(_copy_data.o)
 .data          0x00800062        0x0 /usr/lib/gcc/avr/4.8.2/avr4/libgcc.a(_clear_bss.o)
 *(.data*)
 *(.rodata)
 *(.rodata*)
 .rodata.str1.1
                0x00800062        0x6 .objs/src/funcs.o
 *(.gnu.linkonce.d*)
                0x00800068                . = ALIGN (0x2)
                0x00800068                _edata = .
                0x00800068                PROVIDE (__data_end, .)

.bss            0x00800068      0x158
                0x00800068                PROVIDE (__bss_start, .)
 *(.bss)
 .bss           0x00800068        0x0 /usr/lib/gcc/avr/4.8.2/../../../avr/lib/avr4/crtm8.o
 .bss           0x00800068        0x5 .objs/src/cpu_io.o
                0x00800068                g_ioWatchdog
                0x0080006a                g_ioRdPtr
                0x0080006b                g_ioWrPtr
                0x0080006c                g_ioExpected
 .bss           0x0080006d        0x0 .objs/src/dbg.o
 .bss           0x0080006d        0x0 .objs/src/funcs.o
 .bss           0x0080006d        0x8 .objs/src/main.o
 .bss           0x00800075        0x1 .objs/usbdrv/usbdrv.o
 .bss           0x00800076        0x0 .objs/usbdrv/usbdrvasm.o
 .bss           0x00800076        0x0 /usr/lib/gcc/avr/4.8.2/avr4/libgcc.a(_exit.o)
 .bss           0x00800076        0x0 /usr/lib/gcc/avr/4.8.2/avr4/libgcc.a(_copy_data.o)
 .bss           0x00800076        0x0 /usr/lib/gcc/avr/4.8.2/avr4/libgcc.a(_clear_bss.o)
 *(.bss*)
 *(COMMON)
 COMMON         0x00800076       0x20 .objs/src/cpu_io.o
                0x00800076                g_ioBuffer
 COMMON         0x00800096      0x100 .objs/src/funcs.o
                0x00800096                g_ramParams
                0x00800116                g_eepromParams
 COMMON         0x00800196       0x2a .objs/usbdrv/usbdrv.o
                0x00800196                usbTxBuf
                0x008001a1                usbDeviceAddr
                0x008001a2                usbRxToken
                0x008001a3                usbInputBufOffset
                0x008001a4                usbMsgPtr
                0x008001a6                usbRxLen
                0x008001a7                usbNewDeviceAddr
                0x008001a8                usbCurrentTok
                0x008001a9                usbConfiguration
                0x008001aa                usbRxBuf
                0x008001c0                PROVIDE (__bss_end, .)
                0x000008c4                __data_load_start = LOADADDR (.data)
                0x000008cc                __data_load_end = (__data_load_start + SIZEOF (.data))

.noinit         0x008001c0        0x0
                0x008001c0                PROVIDE (__noinit_start, .)
 *(.noinit*)
                0x008001c0                PROVIDE (__noinit_end, .)
                0x008001c0                _end = .
                0x008001c0                PROVIDE (__heap_start, .)

.eeprom         0x00810000        0x0
 *(.eeprom*)
                0x00810000                __eeprom_end = .

.fuse
 *(.fuse)
 *(.lfuse)
 *(.hfuse)
 *(.efuse)

.lock
 *(.lock*)

.signature
 *(.signature*)

.user_signatures
 *(.user_signatures*)

.stab           0x00000000      0x6cc
 *(.stab)
 .stab          0x00000000      0x6cc /usr/lib/gcc/avr/4.8.2/../../../avr/lib/avr4/crtm8.o

.stabstr        0x00000000       0x54
 *(.stabstr)
 .stabstr       0x00000000       0x54 /usr/lib/gcc/avr/4.8.2/../../../avr/lib/avr4/crtm8.o

.stab.excl
 *(.stab.excl)

.stab.exclstr
 *(.stab.exclstr)

.stab.index
 *(.stab.index)

.stab.indexstr
 *(.stab.indexstr)

.comment        0x00000000       0x11
 *(.comment)
 .comment       0x00000000       0x11 .objs/src/cpu_io.o
                                 0x12 (size before relaxing)
 .comment       0x00000000       0x12 .objs/src/dbg.o
 .comment       0x00000000       0x12 .objs/src/funcs.o
 .comment       0x00000000       0x12 .objs/src/main.o
 .comment       0x00000000       0x12 .objs/usbdrv/usbdrv.o

.debug
 *(.debug)

.line
 *(.line)

.debug_srcinfo
 *(.debug_srcinfo)

.debug_sfnames
 *(.debug_sfnames)

.debug_aranges
 *(.debug_aranges)

.debug_pubnames
 *(.debug_pubnames)

.debug_info
 *(.debug_info)
 *(.gnu.linkonce.wi.*)

.debug_abbrev
 *(.debug_abbrev)

.debug_line
 *(.debug_line)

.debug_frame
 *(.debug_frame)

.debug_str
 *(.debug_str)

.debug_loc
 *(.debug_loc)

.debug_macinfo
 *(.debug_macinfo)

.debug_pubtypes
 *(.debug_pubtypes)

.debug_ranges
 *(.debug_ranges)

.debug_macro
 *(.debug_macro)
OUTPUT(atmega8 elf32-avr)
LOAD linker stubs

Cross Reference Table

Symbol                                            File
__bad_interrupt                                   /usr/lib/gcc/avr/4.8.2/../../../avr/lib/avr4/crtm8.o
__bss_end                                         /usr/lib/gcc/avr/4.8.2/avr4/libgcc.a(_clear_bss.o)
__bss_start                                       /usr/lib/gcc/avr/4.8.2/avr4/libgcc.a(_clear_bss.o)
__data_end                                        /usr/lib/gcc/avr/4.8.2/avr4/libgcc.a(_copy_data.o)
__data_load_start                                 /usr/lib/gcc/avr/4.8.2/avr4/libgcc.a(_copy_data.o)
__data_start                                      /usr/lib/gcc/avr/4.8.2/avr4/libgcc.a(_copy_data.o)
__do_clear_bss                                    /usr/lib/gcc/avr/4.8.2/avr4/libgcc.a(_clear_bss.o)
                                                  .objs/usbdrv/usbdrv.o
                                                  .objs/src/main.o
                                                  .objs/src/funcs.o
                                                  .objs/src/cpu_io.o
__do_copy_data                                    /usr/lib/gcc/avr/4.8.2/avr4/libgcc.a(_copy_data.o)
                                                  .objs/usbdrv/usbdrv.o
                                                  .objs/src/funcs.o
__heap_end                                        /usr/lib/gcc/avr/4.8.2/../../../avr/lib/avr4/crtm8.o
__init                                            /usr/lib/gcc/avr/4.8.2/../../../avr/lib/avr4/crtm8.o
__stack                                           /usr/lib/gcc/avr/4.8.2/../../../avr/lib/avr4/crtm8.o
__vector_1                                        .objs/usbdrv/usbdrvasm.o
                                                  /usr/lib/gcc/avr/4.8.2/../../../avr/lib/avr4/crtm8.o
__vector_10                                       /usr/lib/gcc/avr/4.8.2/../../../avr/lib/avr4/crtm8.o
__vector_11                                       /usr/lib/gcc/avr/4.8.2/../../../avr/lib/avr4/crtm8.o
__vector_12                                       /usr/lib/gcc/avr/4.8.2/../../../avr/lib/avr4/crtm8.o
__vector_13                                       /usr/lib/gcc/avr/4.8.2/../../../avr/lib/avr4/crtm8.o
__vector_14                                       /usr/lib/gcc/avr/4.8.2/../../../avr/lib/avr4/crtm8.o
__vector_15                                       /usr/lib/gcc/avr/4.8.2/../../../avr/lib/avr4/crtm8.o
__vector_16                                       /usr/lib/gcc/avr/4.8.2/../../../avr/lib/avr4/crtm8.o
__vector_17                                       /usr/lib/gcc/avr/4.8.2/../../../avr/lib/avr4/crtm8.o
__vector_18                                       /usr/lib/gcc/avr/4.8.2/../../../avr/lib/avr4/crtm8.o
__vector_2                                        /usr/lib/gcc/avr/4.8.2/../../../avr/lib/avr4/crtm8.o
__vector_3                                        /usr/lib/gcc/avr/4.8.2/../../../avr/lib/avr4/crtm8.o
__vector_4                                        /usr/lib/gcc/avr/4.8.2/../../../avr/lib/avr4/crtm8.o
__vector_5                                        /usr/lib/gcc/avr/4.8.2/../../../avr/lib/avr4/crtm8.o
__vector_6                                        .objs/src/main.o
                                                  /usr/lib/gcc/avr/4.8.2/../../../avr/lib/avr4/crtm8.o
__vector_7                                        /usr/lib/gcc/avr/4.8.2/../../../avr/lib/avr4/crtm8.o
__vector_8                                        /usr/lib/gcc/avr/4.8.2/../../../avr/lib/avr4/crtm8.o
__vector_9                                        /usr/lib/gcc/avr/4.8.2/../../../avr/lib/avr4/crtm8.o
__vector_default                                  /usr/lib/gcc/avr/4.8.2/../../../avr/lib/avr4/crtm8.o
__vectors                                         /usr/lib/gcc/avr/4.8.2/../../../avr/lib/avr4/crtm8.o
_exit                                             /usr/lib/gcc/avr/4.8.2/avr4/libgcc.a(_exit.o)
cpuIoInit                                         .objs/src/cpu_io.o
cpuIoPoll                                         .objs/src/cpu_io.o
cpuIoPop                                          .objs/src/cpu_io.o
                                                  .objs/src/main.o
cpuIoPush                                         .objs/src/cpu_io.o
                                                  .objs/src/main.o
cpuIoReset                                        .objs/src/cpu_io.o
exit                                              /usr/lib/gcc/avr/4.8.2/avr4/libgcc.a(_exit.o)
                                                  /usr/lib/gcc/avr/4.8.2/../../../avr/lib/avr4/crtm8.o
g_eepromParams                                    .objs/src/funcs.o
g_ioBuffer                                        .objs/src/cpu_io.o
g_ioExpected                                      .objs/src/cpu_io.o
g_ioRdPtr                                         .objs/src/cpu_io.o
g_ioWatchdog                                      .objs/src/cpu_io.o
g_ioWrPtr                                         .objs/src/cpu_io.o
g_ramParams                                       .objs/src/funcs.o
initLeds                                          .objs/src/dbg.o
                                                  .objs/src/main.o
invoke                                            .objs/src/funcs.o
                                                  .objs/src/cpu_io.o
main                                              .objs/src/main.o
                                                  /usr/lib/gcc/avr/4.8.2/../../../avr/lib/avr4/crtm8.o
setDbgLed                                         .objs/src/dbg.o
                                                  .objs/src/funcs.o
setLed                                            .objs/src/dbg.o
                                                  .objs/src/funcs.o
setPower                                          .objs/src/dbg.o
                                                  .objs/src/funcs.o
toggleDbgLed                                      .objs/src/dbg.o
                                                  .objs/src/main.o
                                                  .objs/src/cpu_io.o
usbConfiguration                                  .objs/usbdrv/usbdrv.o
usbCrc16                                          .objs/usbdrv/usbdrvasm.o
usbCrc16Append                                    .objs/usbdrv/usbdrvasm.o
                                                  .objs/usbdrv/usbdrv.o
usbCurrentTok                                     .objs/usbdrv/usbdrvasm.o
                                                  .objs/usbdrv/usbdrv.o
usbDescriptorConfiguration                        .objs/usbdrv/usbdrv.o
usbDescriptorDevice                               .objs/usbdrv/usbdrv.o
usbDescriptorString0                              .objs/usbdrv/usbdrv.o
usbDescriptorStringDevice                         .objs/usbdrv/usbdrv.o
usbDescriptorStringVendor                         .objs/usbdrv/usbdrv.o
usbDeviceAddr                                     .objs/usbdrv/usbdrvasm.o
                                                  .objs/usbdrv/usbdrv.o
usbFunctionRead                                   .objs/src/main.o
                                                  .objs/usbdrv/usbdrv.o
usbFunctionSetup                                  .objs/src/main.o
                                                  .objs/usbdrv/usbdrv.o
usbFunctionWrite                                  .objs/src/main.o
                                                  .objs/usbdrv/usbdrv.o
usbInit                                           .objs/usbdrv/usbdrv.o
usbInputBufOffset                                 .objs/usbdrv/usbdrvasm.o
                                                  .objs/usbdrv/usbdrv.o
usbMsgPtr                                         .objs/usbdrv/usbdrv.o
                                                  .objs/src/main.o
usbNewDeviceAddr                                  .objs/usbdrv/usbdrvasm.o
                                                  .objs/usbdrv/usbdrv.o
usbPoll                                           .objs/usbdrv/usbdrv.o
usbRxBuf                                          .objs/usbdrv/usbdrvasm.o
                                                  .objs/usbdrv/usbdrv.o
usbRxLen                                          .objs/usbdrv/usbdrvasm.o
                                                  .objs/usbdrv/usbdrv.o
usbRxToken                                        .objs/usbdrv/usbdrvasm.o
                                                  .objs/usbdrv/usbdrv.o
usbTxBuf                                          .objs/usbdrv/usbdrvasm.o
                                                  .objs/usbdrv/usbdrv.o
usbTxLen                                          .objs/usbdrv/usbdrv.o
                                                  .objs/usbdrv/usbdrvasm.o
